Last login: Wed Oct 30 13:09:25 on ttys000
batume@Antias-MacBook-Pro ~ % git remote set-url origin https://<your_username>:<your_new_token>@github.com/aobatume/gal.git

zsh: no such file or directory: your_username
batume@Antias-MacBook-Pro ~ % git config --global user.name aobatume
batume@Antias-MacBook-Pro ~ % git config --global user.name antia.campos@gmail.com
batume@Antias-MacBook-Pro ~ % git config list                                  
error: key does not contain a section: list
batume@Antias-MacBook-Pro ~ % GIT
usage: git [-v | --version] [-h | --help] [-C <path>] [-c <name>=<value>]
           [--exec-path[=<path>]] [--html-path] [--man-path] [--info-path]
           [-p | --paginate | -P | --no-pager] [--no-replace-objects] [--bare]
           [--git-dir=<path>] [--work-tree=<path>] [--namespace=<name>]
           [--super-prefix=<path>] [--config-env=<name>=<envvar>]
           <command> [<args>]

These are common Git commands used in various situations:

start a working area (see also: git help tutorial)
   clone     Clone a repository into a new directory
   init      Create an empty Git repository or reinitialize an existing one

work on the current change (see also: git help everyday)
   add       Add file contents to the index
   mv        Move or rename a file, a directory, or a symlink
   restore   Restore working tree files
   rm        Remove files from the working tree and from the index

examine the history and state (see also: git help revisions)
   bisect    Use binary search to find the commit that introduced a bug
   diff      Show changes between commits, commit and working tree, etc
   grep      Print lines matching a pattern
   log       Show commit logs
   show      Show various types of objects
   status    Show the working tree status

grow, mark and tweak your common history
   branch    List, create, or delete branches
   commit    Record changes to the repository
   merge     Join two or more development histories together
   rebase    Reapply commits on top of another base tip
   reset     Reset current HEAD to the specified state
   switch    Switch branches
   tag       Create, list, delete or verify a tag object signed with GPG

collaborate (see also: git help workflows)
   fetch     Download objects and refs from another repository
   pull      Fetch from and integrate with another repository or a local branch
   push      Update remote refs along with associated objects

'git help -a' and 'git help -g' list available subcommands and some
concept guides. See 'git help <command>' or 'git help <concept>'
to read about a specific subcommand or concept.
See 'git help git' for an overview of the system.
batume@Antias-MacBook-Pro ~ % git
usage: git [-v | --version] [-h | --help] [-C <path>] [-c <name>=<value>]
           [--exec-path[=<path>]] [--html-path] [--man-path] [--info-path]
           [-p | --paginate | -P | --no-pager] [--no-replace-objects] [--bare]
           [--git-dir=<path>] [--work-tree=<path>] [--namespace=<name>]
           [--super-prefix=<path>] [--config-env=<name>=<envvar>]
           <command> [<args>]

These are common Git commands used in various situations:

start a working area (see also: git help tutorial)
   clone     Clone a repository into a new directory
   init      Create an empty Git repository or reinitialize an existing one

work on the current change (see also: git help everyday)
   add       Add file contents to the index
   mv        Move or rename a file, a directory, or a symlink
   restore   Restore working tree files
   rm        Remove files from the working tree and from the index

examine the history and state (see also: git help revisions)
   bisect    Use binary search to find the commit that introduced a bug
   diff      Show changes between commits, commit and working tree, etc
   grep      Print lines matching a pattern
   log       Show commit logs
   show      Show various types of objects
   status    Show the working tree status

grow, mark and tweak your common history
   branch    List, create, or delete branches
   commit    Record changes to the repository
   merge     Join two or more development histories together
   rebase    Reapply commits on top of another base tip
   reset     Reset current HEAD to the specified state
   switch    Switch branches
   tag       Create, list, delete or verify a tag object signed with GPG

collaborate (see also: git help workflows)
   fetch     Download objects and refs from another repository
   pull      Fetch from and integrate with another repository or a local branch
   push      Update remote refs along with associated objects

'git help -a' and 'git help -g' list available subcommands and some
concept guides. See 'git help <command>' or 'git help <concept>'
to read about a specific subcommand or concept.
See 'git help git' for an overview of the system.
batume@Antias-MacBook-Pro ~ % git remote set-url origin https://aobatume: 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@github.com/aobatume/gal.git
fatal: not a git repository (or any of the parent directories): .git
batume@Antias-MacBook-Pro ~ % cd 
batume@Antias-MacBook-Pro ~ % ./
zsh: permission denied: ./
batume@Antias-MacBook-Pro ~ % cd ./
batume@Antias-MacBook-Pro ~ % cd./ 
zsh: no such file or directory: cd./
batume@Antias-MacBook-Pro ~ % ls
Applications
DEMO_gender_distance_resi_edu_nat_mod.png
Desktop
Documents
Downloads
ImageMagick-7.1.1
Library
Movies
Music
Pictures
Public
Zotero
fishstatj_workspace
myenv
nltk_data
batume@Antias-MacBook-Pro ~ % cd Documents 
batume@Antias-MacBook-Pro Documents % ls
Burocracia USC			RESEARCH
ICESCatchDataset2006-2022.xlsx	WP8_MSP_planning meeting.pptx
LIMBO				galicia_data_scientificname.csv
PERSONAL			sag extraction_ICES dataset.csv
R
batume@Antias-MacBook-Pro Documents % cd R
batume@Antias-MacBook-Pro R % ls
Comarcas.zip				OHI_GAL
Comunidade_Autonoma.zip			R-colours-a4.pdf
Concellos_IGN.zip			Screenshot 2024-04-16 at 17.45.15.png
GAL_git					Sentiment_analysis.R
MAPS_J					sf.pdf
MAPS_R
batume@Antias-MacBook-Pro R % cd GAL_git 
batume@Antias-MacBook-Pro GAL_git % ls
GAL_git.Rproj	about.Rmd	global_explore	region
README.md	about.html	index.Rmd	scores.Rmd
_site.R		faq.Rmd		index.html	scores.html
_site.yml	faq.html	prep		site_libs
batume@Antias-MacBook-Pro GAL_git % ls -a
.		.git		_site.R		faq.html	region
..		.gitignore	_site.yml	global_explore	scores.Rmd
.DS_Store	.nojekyll	about.Rmd	index.Rmd	scores.html
.Rhistory	GAL_git.Rproj	about.html	index.html	site_libs
.Rproj.user	README.md	faq.Rmd		prep
batume@Antias-MacBook-Pro GAL_git % git remote set-url origin https://aobatume: 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@github.com/aobatume/gal.git
fatal: No such URL found: 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@github.com/aobatume/gal.git
batume@Antias-MacBook-Pro GAL_git % git push origin main
Username for 'https://github.com': aobatume
Password for 'https://aobatume@github.com': 
remote: Support for password authentication was removed on August 13, 2021.
remote: Please see https://docs.github.com/get-started/getting-started-with-git/about-remote-repositories#cloning-with-https-urls for information on currently recommended modes of authentication.
fatal: Authentication failed for 'https://github.com/aobatume/gal.git/'
batume@Antias-MacBook-Pro GAL_git % git push origin main
Username for 'https://github.com': aobatume
Password for 'https://aobatume@github.com': 
remote: Support for password authentication was removed on August 13, 2021.
remote: Please see https://docs.github.com/get-started/getting-started-with-git/about-remote-repositories#cloning-with-https-urls for information on currently recommended modes of authentication.
fatal: Authentication failed for 'https://github.com/aobatume/gal.git/'
batume@Antias-MacBook-Pro GAL_git % git remote set-url origin https://aobatume: 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@github.com/aobatume/gal.git
fatal: No such URL found: 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@github.com/aobatume/gal.git
batume@Antias-MacBook-Pro GAL_git % git push origin main
Username for 'https://github.com': aobatume
Password for 'https://aobatume@github.com': 
remote: Support for password authentication was removed on August 13, 2021.
remote: Please see https://docs.github.com/get-started/getting-started-with-git/about-remote-repositories#cloning-with-https-urls for information on currently recommended modes of authentication.
fatal: Authentication failed for 'https://github.com/aobatume/gal.git/'
batume@Antias-MacBook-Pro GAL_git % git push origin main
Username for 'https://github.com': aobatume
Password for 'https://aobatume@github.com': 
Everything up-to-date
batume@Antias-MacBook-Pro GAL_git % git status
On branch main
Your branch is up to date with 'origin/main'.

Changes to be committed:
  (use "git restore --staged <file>..." to unstage)
	new file:   GAL_git.Rproj
	new file:   prep/AO/README.md
	new file:   prep/CS_CP_HAB/README.md
	new file:   prep/CW/CW_data_prep.Rmd
	new file:   prep/CW/README.md
	new file:   prep/ECO/README.md
	new file:   prep/FIS/ fishing_opportunities_for_2025.csv
	new file:   prep/FIS/2fish.R
	new file:   prep/FIS/All_Species_Fished_in_Coastal_Galicia.csv
	new file:   prep/FIS/Atlantic_Stocks_Cleaned.csv
	new file:   prep/FIS/Atlas da frota de baixura do litoral de Galicia.pdf
	new file:   prep/FIS/DBdata[asmt][v4.65].RData
	new file:   prep/FIS/Galicia_ices_catch.csv
	new file:   prep/FIS/ICESCatchDataset2006-2022.xlsx
	new file:   prep/FIS/Ices catch data.R
	new file:   prep/FIS/Loas_pescafresca.R
	new file:   prep/FIS/README.md
	new file:   prep/FIS/R_history.txt
	new file:   prep/FIS/acuicultura.csv
	new file:   prep/FIS/cmsy_try.R
	new file:   prep/FIS/commonname_scientificname_frequency.csv
	new file:   prep/FIS/loadDBdata[asmt][v4.65].r
	new file:   prep/FIS/pescafresca-trh.R
	new file:   prep/FIS/pescafresca2003.csv
	new file:   prep/FIS/pescafresca2004.csv
	new file:   prep/FIS/pescafresca2005.csv
	new file:   prep/FIS/pescafresca2006.csv
	new file:   prep/FIS/pescafresca2007.csv
	new file:   prep/FIS/pescafresca2008.csv
	new file:   prep/FIS/pescafresca2009.csv
	new file:   prep/FIS/pescafresca2010.csv
	new file:   prep/FIS/pescafresca2011.csv
	new file:   prep/FIS/pescafresca2012.csv
	new file:   prep/FIS/pescafresca2013.csv
	new file:   prep/FIS/pescafresca2014.csv
	new file:   prep/FIS/pescafresca2015.csv
	new file:   prep/FIS/pescafresca2016.csv
	new file:   prep/FIS/pescafresca2017.csv
	new file:   prep/FIS/pescafresca2018.csv
	new file:   prep/FIS/pescafresca2019.csv
	new file:   prep/FIS/pescafresca2020.csv
	new file:   prep/FIS/pescafresca2021.csv
	new file:   prep/FIS/pescafresca2022.csv
	new file:   prep/FIS/sag_extraction_ICES dataset.csv
	new file:   prep/FIS/sansimon_lonxas.csv
	new file:   prep/LIV/README.md
	new file:   prep/LSP/README.md
	new file:   prep/MAR/README.md
	new file:   prep/NP/README.md
	new file:   prep/README.md
	new file:   prep/SPP_ICO/README.md
	new file:   prep/TR/INDICADORES_NOITE_DESTINO.csv
	new file:   prep/TR/INDICADORES_NOITE_DESTINO_utf8.csv
	new file:   prep/TR/INDICADORES_NOITE_DESTINO_utf8.xlsx
	new file:   prep/TR/Metodoloxia_IntensidadeDemandaTuristica_ga.pdf
	new file:   prep/TR/README.md
	new file:   prep/TR/README.rtf
	new file:   prep/TR/Resumo_resultados_Demanda_turistica_2023.pdf
	new file:   prep/TR/TR_IGE_indicadores_COSTA.csv
	new file:   prep/TR/TR_IGE_noites_viaxeiros.csv
	new file:   prep/TR/TR_IGE_noites_viaxeiros_MOD.csv
	new file:   prep/TR/TR_IGE_noites_viaxeiros_utf8.csv
	new file:   prep/TR/TR_Relacion_areas_municipios.xlsx
	new file:   prep/TR/readme_ARIOSDATABASE.txt
	new file:   prep/_pressures/README.md
	new file:   prep/_resilience/README.md

batume@Antias-MacBook-Pro GAL_git % git remote -v

origin	https://github.com/aobatume/gal.git (fetch)
origin	https://github.com/aobatume/gal.git (push)
batume@Antias-MacBook-Pro GAL_git % git remote set-url origin https://github.com/aobatume/gal

batume@Antias-MacBook-Pro GAL_git % git remote -v

origin	https://github.com/aobatume/gal (fetch)
origin	https://github.com/aobatume/gal (push)
batume@Antias-MacBook-Pro GAL_git % git push origin main

Everything up-to-date
batume@Antias-MacBook-Pro GAL_git % git status          

On branch main
Your branch is up to date with 'origin/main'.

Changes to be committed:
  (use "git restore --staged <file>..." to unstage)
	new file:   GAL_git.Rproj
	new file:   prep/AO/README.md
	new file:   prep/CS_CP_HAB/README.md
	new file:   prep/CW/CW_data_prep.Rmd
	new file:   prep/CW/README.md
	new file:   prep/ECO/README.md
	new file:   prep/FIS/ fishing_opportunities_for_2025.csv
	new file:   prep/FIS/2fish.R
	new file:   prep/FIS/All_Species_Fished_in_Coastal_Galicia.csv
	new file:   prep/FIS/Atlantic_Stocks_Cleaned.csv
	new file:   prep/FIS/Atlas da frota de baixura do litoral de Galicia.pdf
	new file:   prep/FIS/DBdata[asmt][v4.65].RData
	new file:   prep/FIS/Galicia_ices_catch.csv
	new file:   prep/FIS/ICESCatchDataset2006-2022.xlsx
	new file:   prep/FIS/Ices catch data.R
	new file:   prep/FIS/Loas_pescafresca.R
	new file:   prep/FIS/README.md
	new file:   prep/FIS/R_history.txt
	new file:   prep/FIS/acuicultura.csv
	new file:   prep/FIS/cmsy_try.R
	new file:   prep/FIS/commonname_scientificname_frequency.csv
	new file:   prep/FIS/loadDBdata[asmt][v4.65].r
	new file:   prep/FIS/pescafresca-trh.R
	new file:   prep/FIS/pescafresca2003.csv
	new file:   prep/FIS/pescafresca2004.csv
	new file:   prep/FIS/pescafresca2005.csv
	new file:   prep/FIS/pescafresca2006.csv
	new file:   prep/FIS/pescafresca2007.csv
	new file:   prep/FIS/pescafresca2008.csv
	new file:   prep/FIS/pescafresca2009.csv
	new file:   prep/FIS/pescafresca2010.csv
	new file:   prep/FIS/pescafresca2011.csv
	new file:   prep/FIS/pescafresca2012.csv
	new file:   prep/FIS/pescafresca2013.csv
	new file:   prep/FIS/pescafresca2014.csv
	new file:   prep/FIS/pescafresca2015.csv
	new file:   prep/FIS/pescafresca2016.csv
	new file:   prep/FIS/pescafresca2017.csv
	new file:   prep/FIS/pescafresca2018.csv
	new file:   prep/FIS/pescafresca2019.csv
	new file:   prep/FIS/pescafresca2020.csv
	new file:   prep/FIS/pescafresca2021.csv
	new file:   prep/FIS/pescafresca2022.csv
	new file:   prep/FIS/sag_extraction_ICES dataset.csv
	new file:   prep/FIS/sansimon_lonxas.csv
	new file:   prep/LIV/README.md
	new file:   prep/LSP/README.md
	new file:   prep/MAR/README.md
	new file:   prep/NP/README.md
	new file:   prep/README.md
	new file:   prep/SPP_ICO/README.md
	new file:   prep/TR/INDICADORES_NOITE_DESTINO.csv
	new file:   prep/TR/INDICADORES_NOITE_DESTINO_utf8.csv
	new file:   prep/TR/INDICADORES_NOITE_DESTINO_utf8.xlsx
	new file:   prep/TR/Metodoloxia_IntensidadeDemandaTuristica_ga.pdf
	new file:   prep/TR/README.md
	new file:   prep/TR/README.rtf
	new file:   prep/TR/Resumo_resultados_Demanda_turistica_2023.pdf
	new file:   prep/TR/TR_IGE_indicadores_COSTA.csv
	new file:   prep/TR/TR_IGE_noites_viaxeiros.csv
	new file:   prep/TR/TR_IGE_noites_viaxeiros_MOD.csv
	new file:   prep/TR/TR_IGE_noites_viaxeiros_utf8.csv
	new file:   prep/TR/TR_Relacion_areas_municipios.xlsx
	new file:   prep/TR/readme_ARIOSDATABASE.txt
	new file:   prep/_pressures/README.md
	new file:   prep/_resilience/README.md

batume@Antias-MacBook-Pro GAL_git % git commit -m "PREP_Folder"        
[main 5a6db49] PREP_Folder
 66 files changed, 4390345 insertions(+)
 create mode 100644 GAL_git.Rproj
 create mode 100644 prep/AO/README.md
 create mode 100644 prep/CS_CP_HAB/README.md
 create mode 100644 prep/CW/CW_data_prep.Rmd
 create mode 100644 prep/CW/README.md
 create mode 100644 prep/ECO/README.md
 create mode 100644 prep/FIS/ fishing_opportunities_for_2025.csv
 create mode 100644 prep/FIS/2fish.R
 create mode 100644 prep/FIS/All_Species_Fished_in_Coastal_Galicia.csv
 create mode 100644 prep/FIS/Atlantic_Stocks_Cleaned.csv
 create mode 100644 prep/FIS/Atlas da frota de baixura do litoral de Galicia.pdf
 create mode 100644 prep/FIS/DBdata[asmt][v4.65].RData
 create mode 100644 prep/FIS/Galicia_ices_catch.csv
 create mode 100644 prep/FIS/ICESCatchDataset2006-2022.xlsx
 create mode 100644 prep/FIS/Ices catch data.R
 create mode 100644 prep/FIS/Loas_pescafresca.R
 create mode 100644 prep/FIS/README.md
 create mode 100644 prep/FIS/R_history.txt
 create mode 100644 prep/FIS/acuicultura.csv
 create mode 100644 prep/FIS/cmsy_try.R
 create mode 100644 prep/FIS/commonname_scientificname_frequency.csv
 create mode 100644 prep/FIS/loadDBdata[asmt][v4.65].r
 create mode 100644 prep/FIS/pescafresca-trh.R
 create mode 100644 prep/FIS/pescafresca2003.csv
 create mode 100644 prep/FIS/pescafresca2004.csv
 create mode 100644 prep/FIS/pescafresca2005.csv
 create mode 100644 prep/FIS/pescafresca2006.csv
 create mode 100644 prep/FIS/pescafresca2007.csv
 create mode 100644 prep/FIS/pescafresca2008.csv
 create mode 100644 prep/FIS/pescafresca2009.csv
 create mode 100644 prep/FIS/pescafresca2010.csv
 create mode 100644 prep/FIS/pescafresca2011.csv
 create mode 100644 prep/FIS/pescafresca2012.csv
 create mode 100644 prep/FIS/pescafresca2013.csv
 create mode 100644 prep/FIS/pescafresca2014.csv
 create mode 100644 prep/FIS/pescafresca2015.csv
 create mode 100644 prep/FIS/pescafresca2016.csv
 create mode 100644 prep/FIS/pescafresca2017.csv
 create mode 100644 prep/FIS/pescafresca2018.csv
 create mode 100644 prep/FIS/pescafresca2019.csv
 create mode 100644 prep/FIS/pescafresca2020.csv
 create mode 100644 prep/FIS/pescafresca2021.csv
 create mode 100644 prep/FIS/pescafresca2022.csv
 create mode 100644 prep/FIS/sag_extraction_ICES dataset.csv
 create mode 100644 prep/FIS/sansimon_lonxas.csv
 create mode 100644 prep/LIV/README.md
 create mode 100644 prep/LSP/README.md
 create mode 100644 prep/MAR/README.md
 create mode 100644 prep/NP/README.md
 create mode 100644 prep/README.md
 create mode 100644 prep/SPP_ICO/README.md
 create mode 100644 prep/TR/INDICADORES_NOITE_DESTINO.csv
 create mode 100644 prep/TR/INDICADORES_NOITE_DESTINO_utf8.csv
 create mode 100644 prep/TR/INDICADORES_NOITE_DESTINO_utf8.xlsx
 create mode 100644 prep/TR/Metodoloxia_IntensidadeDemandaTuristica_ga.pdf
 create mode 100644 prep/TR/README.md
 create mode 100644 prep/TR/README.rtf
 create mode 100644 prep/TR/Resumo_resultados_Demanda_turistica_2023.pdf
 create mode 100644 prep/TR/TR_IGE_indicadores_COSTA.csv
 create mode 100644 prep/TR/TR_IGE_noites_viaxeiros.csv
 create mode 100644 prep/TR/TR_IGE_noites_viaxeiros_MOD.csv
 create mode 100644 prep/TR/TR_IGE_noites_viaxeiros_utf8.csv
 create mode 100644 prep/TR/TR_Relacion_areas_municipios.xlsx
 create mode 100644 prep/TR/readme_ARIOSDATABASE.txt
 create mode 100644 prep/_pressures/README.md
 create mode 100644 prep/_resilience/README.md
batume@Antias-MacBook-Pro GAL_git % git push origin main

Enumerating objects: 62, done.
Counting objects: 100% (62/62), done.
Delta compression using up to 11 threads
Compressing objects: 100% (60/60), done.
Writing objects: 100% (61/61), 146.99 MiB | 2.98 MiB/s, done.
Total 61 (delta 21), reused 0 (delta 0), pack-reused 0
remote: Resolving deltas: 100% (21/21), completed with 1 local object.
remote: warning: See https://gh.io/lfs for more information.
remote: warning: File prep/FIS/Atlas da frota de baixura do litoral de Galicia.pdf is 78.65 MB; this is larger than GitHub's recommended maximum file size of 50.00 MB
remote: warning: File prep/FIS/sansimon_lonxas.csv is 57.97 MB; this is larger than GitHub's recommended maximum file size of 50.00 MB
remote: warning: GH001: Large files detected. You may want to try Git Large File Storage - https://git-lfs.github.com.
To https://github.com/aobatume/gal
   591aa0b..5a6db49  main -> main
batume@Antias-MacBook-Pro GAL_git % 
